2026-07-02 15:18:35,370 INFO  stepDef.SignInSteps - Clicking on Sign In link
2026-07-02 15:18:36,554 INFO  stepDef.SignInSteps - Sign In page loaded successfully
2026-07-02 15:18:36,566 INFO  stepDef.SignInSteps - Verifying Sign In page URL
2026-07-02 15:18:36,637 INFO  stepDef.SignInSteps - Selecting username: demouser
2026-07-02 15:18:36,944 INFO  stepDef.SignInSteps - Selecting password
2026-07-02 15:18:37,208 INFO  stepDef.SignInSteps - Clicking on Login button
2026-07-02 15:18:40,429 INFO  stepDef.SignInSteps - Verifying successful login
2026-07-02 15:18:54,975 INFO  stepDef.SignInSteps - Clicking on Sign In link
2026-07-02 15:18:55,622 INFO  stepDef.SignInSteps - Sign In page loaded successfully
2026-07-02 15:18:55,627 INFO  stepDef.SignInSteps - Verifying Sign In page URL
2026-07-02 15:18:55,660 INFO  stepDef.SignInSteps - Selecting username: locked_user
2026-07-02 15:18:56,028 INFO  stepDef.SignInSteps - Selecting password
2026-07-02 15:18:56,458 INFO  stepDef.SignInSteps - Clicking on Login button
2026-07-02 15:18:59,763 ERROR stepDef.SignInSteps - Verifying login failure due to locked account
2026-07-02 15:19:14,888 INFO  stepDef.NavbarLinks - Verifying navbar logo visibility
2026-07-02 15:19:14,953 INFO  stepDef.NavbarLinks - Navbar logo is displayed successfully
2026-07-02 15:19:14,955 INFO  stepDef.NavbarLinks - Verifying Offers link
2026-07-02 15:19:14,985 INFO  stepDef.NavbarLinks - Clicking on Offers link
2026-07-02 15:19:17,140 INFO  stepDef.NavbarLinks - Current URL: https://bstackdemo.com/signin?offers=true
2026-07-02 15:19:17,216 INFO  stepDef.NavbarLinks - Returned back to Home Page
2026-07-02 15:19:17,218 INFO  stepDef.NavbarLinks - Verifying Orders link
2026-07-02 15:19:17,268 INFO  stepDef.NavbarLinks - Clicking on Orders link
2026-07-02 15:19:19,476 INFO  stepDef.NavbarLinks - Current URL: https://bstackdemo.com/signin?orders=true
2026-07-02 15:19:19,522 INFO  stepDef.NavbarLinks - Returned back to Home Page
2026-07-02 15:19:19,525 INFO  stepDef.NavbarLinks - Verifying Favourites link
2026-07-02 15:19:19,574 INFO  stepDef.NavbarLinks - Clicking on Favourites link
2026-07-02 15:19:21,710 INFO  stepDef.NavbarLinks - Current URL: https://bstackdemo.com/signin?favourites=true
2026-07-02 15:19:21,743 INFO  stepDef.NavbarLinks - Returned back to Home Page
2026-07-02 15:19:36,710 INFO  stepDef.SignInSteps - Navigating to BStackDemo Home Page
2026-07-02 15:19:36,726 INFO  stepDef.searchSteps - Entering keyword in search bar: iphone
2026-07-02 15:19:36,872 INFO  stepDef.searchSteps - Clicking on Search icon
2026-07-02 15:19:37,360 ERROR stepDef.searchSteps - BUG: Search functionality does not filter products based on keyword entered
